interactions:
- request:
    body: '{"username": "test2", "password": "asdf"}'
    headers:
      Accept:
      - application/json; version=17.0
      Content-Length:
      - '41'
      Content-Type:
      - application/json
    method: POST
    uri: http://localhost:8000/api/login/
  response:
    body:
      string: '{"expiry":"2024-04-18T18:19:00.551440Z","token":"84c28a73bc5fe46bbf2991d52ace7e889661d286e2f9f4a5ac9c91e5f102c176"}'
    headers:
      Allow:
      - POST, OPTIONS
      Content-Language:
      - en
      Content-Length:
      - '115'
      Content-Type:
      - application/json
      Cross-Origin-Opener-Policy:
      - same-origin
      Date:
      - Thu, 21 Mar 2024 18:19:00 GMT
      Referrer-Policy:
      - same-origin
      Server:
      - WSGIServer/0.2 CPython/3.8.17
      Server-Timing:
      - TimerPanel_utime;dur=325.1010000000001;desc="User CPU time", TimerPanel_stime;dur=28.452000000000144;desc="System
        CPU time", TimerPanel_total;dur=353.5530000000003;desc="Total CPU time", TimerPanel_total_time;dur=288.4251640007278;desc="Elapsed
        time", SQLPanel_sql_time;dur=8.462707002763636;desc="SQL 16 queries", CachePanel_total_time;dur=0;desc="Cache
        0 Calls"
      Set-Cookie:
      - csrftoken=4u5kF4EGkAFr9IfXCr5sZR60Ec0izVoy; expires=Thu, 20 Mar 2025 18:19:00
        GMT; HttpOnly; Max-Age=31449600; Path=/; SameSite=Lax
      - sessionid=btcf4prkf73pgve1o5rbv0u5pcahy72z; expires=Thu, 28 Mar 2024 18:19:00
        GMT; HttpOnly; Max-Age=604800; Path=/; SameSite=Lax
      Vary:
      - Accept, Cookie, Accept-Language, origin
      X-Content-Type-Options:
      - nosniff
      X-Frame-Options:
      - DENY
      djdt-store-id:
      - cb68a8e149d84a378950314f4073958f
    status:
      code: 200
      message: OK
- request:
    body: null
    headers:
      Accept:
      - application/json; version=17.0
      Authorization:
      - Token 84c28a73bc5fe46bbf2991d52ace7e889661d286e2f9f4a5ac9c91e5f102c176
      Content-Type:
      - application/json
    method: GET
    uri: http://localhost:8000/api/decks/5528aef7-f7ac-406b-9b35-4eaf00de4b20/updates?size=5
  response:
    body:
      string: '{"next":"http://localhost:8000/api/decks/5528aef7-f7ac-406b-9b35-4eaf00de4b20/updates?size=5&cursor=MjAyNC0wMy0yMSAxODoxODo1Ny4wMDI0OTUrMDA6MDB8ZmVlNDc3OWItZDI3Ni00MWRiLWFlNjEtMWNkZDk5MzdlMmU2","notes":"ABzY86ngw+0{`ukZEM>w5XZlY@#`vB&r;Y1D-8B}+q+WCNjhbwwj5$-OBeFpCp&m;*_&<@mO;UwzfSkS-OqP(EFs-BbrZ^UK{?}+RYJ<Eq73No&gN1|W&oomQG+L<QjS>1B@qa*ssakfs&Wo#al|Pk?b|jRVuNiM^8MymCg^ZV_5}~)<lOH9?y{lE`Wv+S^W)cMDDnrz@#yJ#JwUf@@pLMD+yB5~F3|L8^`_}I#jx{l@i2STY_(0Bcjf7-c&PN@Fz(=SDf+lndAiNl&HmhC`t&i~Uw?n!byGkK!&vXP0Y<FH`|a%C@0v}MpsjtMMoe=Lsm~7Q1P;MRhn7^xfCytX0Rupsi_{uvLR8hSkR|6e42^$cJ!fOtG{R<{-0j@c10-gdWHv)!{~aXyuOV?swbtAaAs8dVfg(<4W<pWrbfl8Y_#%+<8c}H}Gu5R-`V$(T`wk17T#7Lts~4sNQ~?JN1keT|JU9Z>(mW<3sp3)6O8pg`N!0UPCqWm%7Qq)G79kg*7NHkm7GcZZR#OTlgcL@<QhzpebjYLEmRRXD5zJ`fq{_pQnlWi8Di<!Adj3VN;Zh0lO8wc?BcjmSIue*xM9`3T9Tg?ihhQz&$nes3{q`rZj9BC>2><{","external_notes_url":null,"protected_fields":{},"protected_tags":[],"latest_update":"2024-03-21T18:18:57.082041Z"}'
    headers:
      Allow:
      - GET, HEAD, OPTIONS
      Content-Language:
      - en
      Content-Length:
      - '943'
      Content-Type:
      - application/json
      Cross-Origin-Opener-Policy:
      - same-origin
      Date:
      - Thu, 21 Mar 2024 18:19:01 GMT
      Referrer-Policy:
      - same-origin
      Server:
      - WSGIServer/0.2 CPython/3.8.17
      Server-Timing:
      - TimerPanel_utime;dur=461.0759999999985;desc="User CPU time", TimerPanel_stime;dur=4.1519999999999335;desc="System
        CPU time", TimerPanel_total;dur=465.2279999999984;desc="Total CPU time", TimerPanel_total_time;dur=482.6728890002414;desc="Elapsed
        time", SQLPanel_sql_time;dur=11.622153000644175;desc="SQL 15 queries", CachePanel_total_time;dur=0;desc="Cache
        0 Calls"
      Vary:
      - Accept, Accept-Language, Cookie, origin
      X-Content-Type-Options:
      - nosniff
      X-Frame-Options:
      - DENY
      djdt-store-id:
      - 38b73de59ca54d5eb688598686450e65
    status:
      code: 200
      message: OK
- request:
    body: null
    headers:
      Accept:
      - application/json; version=17.0
      Authorization:
      - Token 84c28a73bc5fe46bbf2991d52ace7e889661d286e2f9f4a5ac9c91e5f102c176
      Content-Type:
      - application/json
    method: GET
    uri: http://localhost:8000/api/decks/5528aef7-f7ac-406b-9b35-4eaf00de4b20/updates?size=5&cursor=MjAyNC0wMy0yMSAxODoxODo1Ny4wMDI0OTUrMDA6MDB8ZmVlNDc3OWItZDI3Ni00MWRiLWFlNjEtMWNkZDk5MzdlMmU2
  response:
    body:
      string: '{"next":"http://localhost:8000/api/decks/5528aef7-f7ac-406b-9b35-4eaf00de4b20/updates?size=5&cursor=MjAyNC0wMy0yMSAxODoxODo1Ni45MDM3MjQrMDA6MDB8Y2MzYzI0MTUtNWZhYi00OWQyLTk2M2YtNjFjZWVjZjVjNjZh","notes":"ABzY86?*(-0{`umO^=%}5QhH>;=Eq@`y;omRH^57Z>tEI@i>bXOcY4>Bg%iT0nw(n9CHXl;$=MZ0`q9h%c=C~t*M$&ZVG0Nvcg!WABr*{ye;8UDQ-PRL!$9OB-J%>wNON&kCX<KHK*lV(&C6yNjkP|4#WoAFy#A}Q<;2+li4$Vj8k%d2zbZ=n)Pqr9+$<}W+?LMi_;0%W;6J1-{SdPK-+&|F+ZT`(_?vlDE?V~{}>Pc(vw|!{^~m{a7ro0e95)jyu3Ru-<E#<NS{yd-@0xxX#Fr&$9?c4R^#V>uI~@cu1UVFpid*F`Q=le6BYvthDK@~QISO=9avJMlmwiL)?v-8=6_38&nG`L@LzOs<2f|?-Q2QCRC8Y^!B)XnAyy$*p;n<+VOC*R;mYmYy9??@O3N%W;!gc~>Rf_|)Dfy}O{58oSWPK$F>>lqc(i!i)U|Vr=i@%>*Hd>2Yig+?RLM*|@Z2256yeqeU`h(^;I^qN$(*y=&^z_(sS6p9nwmt^n0I*Nh}S>~rvOnSM-=k5sWYy0{<SN4r+zhc00CU);a1V-S$BaGr$r>10U|^NTKgNLzWoDpxPc<h2><{","external_notes_url":null,"protected_fields":{},"protected_tags":[],"latest_update":"2024-03-21T18:18:56.979262Z"}'
    headers:
      Allow:
      - GET, HEAD, OPTIONS
      Content-Language:
      - en
      Content-Length:
      - '903'
      Content-Type:
      - application/json
      Cross-Origin-Opener-Policy:
      - same-origin
      Date:
      - Thu, 21 Mar 2024 18:19:01 GMT
      Referrer-Policy:
      - same-origin
      Server:
      - WSGIServer/0.2 CPython/3.8.17
      Server-Timing:
      - TimerPanel_utime;dur=228.74900000000054;desc="User CPU time", TimerPanel_stime;dur=8.312999999999793;desc="System
        CPU time", TimerPanel_total;dur=237.06200000000032;desc="Total CPU time",
        TimerPanel_total_time;dur=256.13290799992683;desc="Elapsed time", SQLPanel_sql_time;dur=9.076108002773253;desc="SQL
        15 queries", CachePanel_total_time;dur=0;desc="Cache 0 Calls"
      Vary:
      - Accept, Accept-Language, Cookie, origin
      X-Content-Type-Options:
      - nosniff
      X-Frame-Options:
      - DENY
      djdt-store-id:
      - 139a422d979c463dacb815fcfce8b80f
    status:
      code: 200
      message: OK
- request:
    body: null
    headers:
      Accept:
      - application/json; version=17.0
      Authorization:
      - Token 84c28a73bc5fe46bbf2991d52ace7e889661d286e2f9f4a5ac9c91e5f102c176
      Content-Type:
      - application/json
    method: GET
    uri: http://localhost:8000/api/decks/5528aef7-f7ac-406b-9b35-4eaf00de4b20/updates?size=5&cursor=MjAyNC0wMy0yMSAxODoxODo1Ni45MDM3MjQrMDA6MDB8Y2MzYzI0MTUtNWZhYi00OWQyLTk2M2YtNjFjZWVjZjVjNjZh
  response:
    body:
      string: '{"next":null,"notes":"ABzY86?*(-0{`ujOKaRP6ovna@Hz^5%O2W71BI^B?!sX7xOPosd9Xd{q{IC8$~J1JyQXB3MZus?SN9xS_xRylnE2S$oiBEX>WcGH5^;kH5AJcR7E-d(K%;S^jl+T{iz~||7GN4eJP6B3u}T8Wut?%Dgj8rc2!2ZYhjS544~yAXIL%A*FnSnMfh2x1;kX@s>n4;QgU)A1ce}~-hX9uga$)!ZXnjF9#M|O>gMM3nI?bcG_N3RIUxpqKEG=kGOVaMsaeLhE7VkgD=ezG8`+hM9W}55c!J8TC`T4Nwhp}tBXhQ9VI73`NJ`Sm2Gq92{X-bE^WEu;p7&cNh*p!kI4iqdgza-i7&P<*Aqq@1VRGLk@j%<N?o$CTL1IxfOhzv4=%Ahlp8LDEx&h9#NDzz4*`XBmVhfW&mMdJl-I0!5(r`V<;VyzU{j8Mx#zwOYa6iTOv-+Jipy1qrz=-$I=?WoD^A+{f0@-Mt{_70?~xUg6^GR??Jk1MAcCRAzed?g&vf69J;+5ZGnpPAu~1poj","external_notes_url":null,"protected_fields":{},"protected_tags":[],"latest_update":"2024-03-21T18:18:56.882851Z"}'
    headers:
      Allow:
      - GET, HEAD, OPTIONS
      Content-Language:
      - en
      Content-Length:
      - '662'
      Content-Type:
      - application/json
      Cross-Origin-Opener-Policy:
      - same-origin
      Date:
      - Thu, 21 Mar 2024 18:19:01 GMT
      Referrer-Policy:
      - same-origin
      Server:
      - WSGIServer/0.2 CPython/3.8.17
      Server-Timing:
      - TimerPanel_utime;dur=259.52900000000056;desc="User CPU time", TimerPanel_stime;dur=9.261999999999881;desc="System
        CPU time", TimerPanel_total;dur=268.79100000000045;desc="Total CPU time",
        TimerPanel_total_time;dur=263.70251499974984;desc="Elapsed time", SQLPanel_sql_time;dur=7.241155000883737;desc="SQL
        15 queries", CachePanel_total_time;dur=0;desc="Cache 0 Calls"
      Vary:
      - Accept, Accept-Language, Cookie, origin
      X-Content-Type-Options:
      - nosniff
      X-Frame-Options:
      - DENY
      djdt-store-id:
      - 84aa21b845354b088ad615266ed3fefe
    status:
      code: 200
      message: OK
version: 1
